exports[`test simple/test1.js 1`] = `
"import type D from \'D\';
import type e from \'e\';

const B = require(\'B\');
const G = require(\'G\');

const a = require(\'a\');
const c = require(\'c\');

const { F } = require(\'F\');

a;
B;
c;"
`;
